Release 14.7 - xst P.20131013 (nt64)
Copyright (c) 1995-2013 Xilinx, Inc.  All rights reserved.
--> Parameter TMPDIR set to xst/projnav.tmp


Total REAL time to Xst completion: 0.00 secs
Total CPU time to Xst completion: 0.27 secs
 
--> Parameter xsthdpdir set to xst


Total REAL time to Xst completion: 0.00 secs
Total CPU time to Xst completion: 0.27 secs
 
--> Reading design: IFU.prj

TABLE OF CONTENTS
  1) Synthesis Options Summary
  2) HDL Parsing
  3) HDL Elaboration
  4) HDL Synthesis
       4.1) HDL Synthesis Report
  5) Advanced HDL Synthesis
       5.1) Advanced HDL Synthesis Report
  6) Low Level Synthesis
  7) Partition Report
  8) Design Summary
       8.1) Primitive and Black Box Usage
       8.2) Device utilization summary
       8.3) Partition Resource Summary
       8.4) Timing Report
            8.4.1) Clock Information
            8.4.2) Asynchronous Control Signals Information
            8.4.3) Timing Summary
            8.4.4) Timing Details
            8.4.5) Cross Clock Domains Report


=========================================================================
*                      Synthesis Options Summary                        *
=========================================================================
---- Source Parameters
Input File Name                    : "IFU.prj"
Ignore Synthesis Constraint File   : NO

---- Target Parameters
Output File Name                   : "IFU"
Output Format                      : NGC
Target Device                      : xc7a100t-3-csg324

---- Source Options
Top Module Name                    : IFU
Automatic FSM Extraction           : YES
FSM Encoding Algorithm             : Auto
Safe Implementation                : No
FSM Style                          : LUT
RAM Extraction                     : Yes
RAM Style                          : Auto
ROM Extraction                     : Yes
Shift Register Extraction          : YES
ROM Style                          : Auto
Resource Sharing                   : YES
Asynchronous To Synchronous        : NO
Shift Register Minimum Size        : 2
Use DSP Block                      : Auto
Automatic Register Balancing       : No

---- Target Options
LUT Combining                      : Auto
Reduce Control Sets                : Auto
Add IO Buffers                     : YES
Global Maximum Fanout              : 100000
Add Generic Clock Buffer(BUFG)     : 32
Register Duplication               : YES
Optimize Instantiated Primitives   : NO
Use Clock Enable                   : Auto
Use Synchronous Set                : Auto
Use Synchronous Reset              : Auto
Pack IO Registers into IOBs        : Auto
Equivalent register Removal        : YES

---- General Options
Optimization Goal                  : Speed
Optimization Effort                : 1
Power Reduction                    : NO
Keep Hierarchy                     : No
Netlist Hierarchy                  : As_Optimized
RTL Output                         : Yes
Global Optimization                : AllClockNets
Read Cores                         : YES
Write Timing Constraints           : NO
Cross Clock Analysis               : NO
Hierarchy Separator                : /
Bus Delimiter                      : <>
Case Specifier                     : Maintain
Slice Utilization Ratio            : 100
BRAM Utilization Ratio             : 100
DSP48 Utilization Ratio            : 100
Auto BRAM Packing                  : NO
Slice Utilization Ratio Delta      : 5

=========================================================================


=========================================================================
*                          HDL Parsing                                  *
=========================================================================
Analyzing Verilog file "D:\ise_save\p4Cpu\IFU.v" into library work
Parsing module <IFU>.

=========================================================================
*                            HDL Elaboration                            *
=========================================================================

Elaborating module <IFU>.
Reading initialization file \"code.txt\".
WARNING:HDLCompiler:1670 - "D:\ise_save\p4Cpu\IFU.v" Line 41: Signal <memory> in initial block is partially initialized.

=========================================================================
*                           HDL Synthesis                               *
=========================================================================

Synthesizing Unit <IFU>.
    Related source file is "D:\ise_save\p4Cpu\IFU.v".
WARNING:Xst:2999 - Signal 'memory', unconnected in block 'IFU', is tied to its initial value.
    Found 1024x32-bit single-port Read Only RAM <Mram_memory> for signal <memory>.
    Found 32-bit register for signal <PC>.
    Found 32-bit subtractor for signal <PC[31]_GND_1_o_sub_7_OUT> created at line 59.
    Found 32-bit subtractor for signal <RA[31]_GND_1_o_sub_8_OUT> created at line 61.
    Found 32-bit adder for signal <PC[31]_imm[15]_add_3_OUT> created at line 55.
    Found 32-bit adder for signal <n0028> created at line 68.
    Found 32-bit adder for signal <PCadd4> created at line 68.
    Found 32-bit 4-to-1 multiplexer for signal <PCsel[1]_RA[31]_wide_mux_8_OUT> created at line 49.
    Summary:
	inferred   1 RAM(s).
	inferred   5 Adder/Subtractor(s).
	inferred  32 D-type flip-flop(s).
	inferred   2 Multiplexer(s).
Unit <IFU> synthesized.

=========================================================================
HDL Synthesis Report

Macro Statistics
# RAMs                                                 : 1
 1024x32-bit single-port Read Only RAM                 : 1
# Adders/Subtractors                                   : 5
 32-bit adder                                          : 3
 32-bit subtractor                                     : 2
# Registers                                            : 1
 32-bit register                                       : 1
# Multiplexers                                         : 2
 32-bit 2-to-1 multiplexer                             : 1
 32-bit 4-to-1 multiplexer                             : 1

=========================================================================

=========================================================================
*                       Advanced HDL Synthesis                          *
=========================================================================


Synthesizing (advanced) Unit <IFU>.
INFO:Xst:3218 - HDL ADVISOR - The RAM <Mram_memory> will be implemented on LUTs either because you have described an asynchronous read or because of currently unsupported block RAM features. If you have described an asynchronous read, making it synchronous would allow you to take advantage of available block RAM resources, for optimized device usage and improved timings. Please refer to your documentation for coding guidelines.
    -----------------------------------------------------------------------
    | ram_type           | Distributed                         |          |
    -----------------------------------------------------------------------
    | Port A                                                              |
    |     aspect ratio   | 1024-word x 32-bit                  |          |
    |     weA            | connected to signal <GND>           | high     |
    |     addrA          | connected to signal <PC<11:2>>      |          |
    |     diA            | connected to signal <GND>           |          |
    |     doA            | connected to signal <instruction>   |          |
    -----------------------------------------------------------------------
Unit <IFU> synthesized (advanced).

=========================================================================
Advanced HDL Synthesis Report

Macro Statistics
# RAMs                                                 : 1
 1024x32-bit single-port distributed Read Only RAM     : 1
# Adders/Subtractors                                   : 5
 32-bit adder                                          : 3
 32-bit subtractor                                     : 2
# Registers                                            : 32
 Flip-Flops                                            : 32
# Multiplexers                                         : 2
 32-bit 2-to-1 multiplexer                             : 1
 32-bit 4-to-1 multiplexer                             : 1

=========================================================================

=========================================================================
*                         Low Level Synthesis                           *
=========================================================================

Optimizing unit <IFU> ...

Mapping all equations...
Building and optimizing final netlist ...
Found area constraint ratio of 100 (+ 5) on block IFU, actual ratio is 0.

Final Macro Processing ...

=========================================================================
Final Register Report

Macro Statistics
# Registers                                            : 32
 Flip-Flops                                            : 32

=========================================================================

=========================================================================
*                           Partition Report                            *
=========================================================================

Partition Implementation Status
-------------------------------

  No Partitions were found in this design.

-------------------------------

=========================================================================
*                            Design Summary                             *
=========================================================================

Top Level Output File Name         : IFU.ngc

Primitive and Black Box Usage:
------------------------------
# BELS                             : 474
#      GND                         : 1
#      INV                         : 39
#      LUT1                        : 51
#      LUT2                        : 34
#      LUT3                        : 30
#      LUT5                        : 20
#      LUT6                        : 59
#      MUXCY                       : 117
#      VCC                         : 1
#      XORCY                       : 122
# FlipFlops/Latches                : 32
#      FDCE                        : 32
# Clock Buffers                    : 1
#      BUFGP                       : 1
# IO Buffers                       : 158
#      IBUF                        : 94
#      OBUF                        : 64

Device utilization summary:
---------------------------

Selected Device : 7a100tcsg324-3 


Slice Logic Utilization: 
 Number of Slice Registers:              32  out of  126800     0%  
 Number of Slice LUTs:                  233  out of  63400     0%  
    Number used as Logic:               233  out of  63400     0%  

Slice Logic Distribution: 
 Number of LUT Flip Flop pairs used:    233
   Number with an unused Flip Flop:     201  out of    233    86%  
   Number with an unused LUT:             0  out of    233     0%  
   Number of fully used LUT-FF pairs:    32  out of    233    13%  
   Number of unique control sets:         1

IO Utilization: 
 Number of IOs:                         159
 Number of bonded IOBs:                 159  out of    210    75%  

Specific Feature Utilization:
 Number of BUFG/BUFGCTRLs:                1  out of     32     3%  

---------------------------
Partition Resource Summary:
---------------------------

  No Partitions were found in this design.

---------------------------


=========================================================================
Timing Report

NOTE: THESE TIMING NUMBERS ARE ONLY A SYNTHESIS ESTIMATE.
      FOR ACCURATE TIMING INFORMATION PLEASE REFER TO THE TRACE REPORT
      GENERATED AFTER PLACE-and-ROUTE.

Clock Information:
------------------
-----------------------------------+------------------------+-------+
Clock Signal                       | Clock buffer(FF name)  | Load  |
-----------------------------------+------------------------+-------+
clk                                | BUFGP                  | 32    |
-----------------------------------+------------------------+-------+

Asynchronous Control Signals Information:
----------------------------------------
No asynchronous control signals found in this design

Timing Summary:
---------------
Speed Grade: -3

   Minimum period: 3.714ns (Maximum Frequency: 269.273MHz)
   Minimum input arrival time before clock: 2.849ns
   Maximum output required time after clock: 3.593ns
   Maximum combinational path delay: No path found

Timing Details:
---------------
All values displayed in nanoseconds (ns)

=========================================================================
Timing constraint: Default period analysis for Clock 'clk'
  Clock period: 3.714ns (frequency: 269.273MHz)
  Total number of paths / destination ports: 10056 / 32
-------------------------------------------------------------------------
Delay:               3.714ns (Levels of Logic = 34)
  Source:            PC_2 (FF)
  Destination:       PC_31 (FF)
  Source Clock:      clk rising
  Destination Clock: clk rising

  Data Path: PC_2 to PC_31
                                Gate     Net
    Cell:in->out      fanout   Delay   Delay  Logical Name (Net Name)
    ----------------------------------------  ------------
     FDCE:C->Q            21   0.361   0.370  PC_2 (PC_2)
     INV:I->O              1   0.113   0.000  Madd_n0028_lut<2>_INV_0 (Madd_n0028_lut<2>)
     MUXCY:S->O            1   0.353   0.000  Madd_n0028_cy<2> (Madd_n0028_cy<2>)
     MUXCY:CI->O           1   0.023   0.000  Madd_n0028_cy<3> (Madd_n0028_cy<3>)
     MUXCY:CI->O           1   0.023   0.000  Madd_n0028_cy<4> (Madd_n0028_cy<4>)
     MUXCY:CI->O           1   0.023   0.000  Madd_n0028_cy<5> (Madd_n0028_cy<5>)
     MUXCY:CI->O           1   0.023   0.000  Madd_n0028_cy<6> (Madd_n0028_cy<6>)
     MUXCY:CI->O           1   0.023   0.000  Madd_n0028_cy<7> (Madd_n0028_cy<7>)
     MUXCY:CI->O           1   0.023   0.000  Madd_n0028_cy<8> (Madd_n0028_cy<8>)
     MUXCY:CI->O           1   0.023   0.000  Madd_n0028_cy<9> (Madd_n0028_cy<9>)
     MUXCY:CI->O           1   0.023   0.000  Madd_n0028_cy<10> (Madd_n0028_cy<10>)
     MUXCY:CI->O           1   0.023   0.000  Madd_n0028_cy<11> (Madd_n0028_cy<11>)
     MUXCY:CI->O           1   0.023   0.000  Madd_n0028_cy<12> (Madd_n0028_cy<12>)
     MUXCY:CI->O           1   0.023   0.000  Madd_n0028_cy<13> (Madd_n0028_cy<13>)
     MUXCY:CI->O           1   0.023   0.000  Madd_n0028_cy<14> (Madd_n0028_cy<14>)
     MUXCY:CI->O           1   0.023   0.000  Madd_n0028_cy<15> (Madd_n0028_cy<15>)
     MUXCY:CI->O           1   0.023   0.000  Madd_n0028_cy<16> (Madd_n0028_cy<16>)
     MUXCY:CI->O           1   0.023   0.000  Madd_n0028_cy<17> (Madd_n0028_cy<17>)
     MUXCY:CI->O           1   0.023   0.000  Madd_n0028_cy<18> (Madd_n0028_cy<18>)
     MUXCY:CI->O           1   0.023   0.000  Madd_n0028_cy<19> (Madd_n0028_cy<19>)
     MUXCY:CI->O           1   0.023   0.000  Madd_n0028_cy<20> (Madd_n0028_cy<20>)
     MUXCY:CI->O           1   0.023   0.000  Madd_n0028_cy<21> (Madd_n0028_cy<21>)
     MUXCY:CI->O           1   0.023   0.000  Madd_n0028_cy<22> (Madd_n0028_cy<22>)
     MUXCY:CI->O           1   0.023   0.000  Madd_n0028_cy<23> (Madd_n0028_cy<23>)
     MUXCY:CI->O           1   0.023   0.000  Madd_n0028_cy<24> (Madd_n0028_cy<24>)
     MUXCY:CI->O           1   0.023   0.000  Madd_n0028_cy<25> (Madd_n0028_cy<25>)
     MUXCY:CI->O           1   0.023   0.000  Madd_n0028_cy<26> (Madd_n0028_cy<26>)
     MUXCY:CI->O           1   0.023   0.000  Madd_n0028_cy<27> (Madd_n0028_cy<27>)
     MUXCY:CI->O           1   0.023   0.000  Madd_n0028_cy<28> (Madd_n0028_cy<28>)
     MUXCY:CI->O           1   0.023   0.000  Madd_n0028_cy<29> (Madd_n0028_cy<29>)
     XORCY:CI->O           3   0.370   0.305  Madd_n0028_xor<30> (n0028<30>)
     LUT2:I1->O            1   0.097   0.000  Madd_PC[31]_imm[15]_add_3_OUT_lut<30> (Madd_PC[31]_imm[15]_add_3_OUT_lut<30>)
     MUXCY:S->O            0   0.353   0.000  Madd_PC[31]_imm[15]_add_3_OUT_cy<30> (Madd_PC[31]_imm[15]_add_3_OUT_cy<30>)
     XORCY:CI->O           1   0.370   0.295  Madd_PC[31]_imm[15]_add_3_OUT_xor<31> (PC[31]_imm[15]_add_3_OUT<31>)
     LUT6:I5->O            1   0.097   0.000  Mmux_PCsel[1]_RA[31]_wide_mux_8_OUT25 (PCsel[1]_RA[31]_wide_mux_8_OUT<31>)
     FDCE:D                    0.008          PC_31
    ----------------------------------------
    Total                      3.714ns (2.743ns logic, 0.971ns route)
                                       (73.9% logic, 26.1% route)

=========================================================================
Timing constraint: Default OFFSET IN BEFORE for Clock 'clk'
  Total number of paths / destination ports: 2142 / 96
-------------------------------------------------------------------------
Offset:              2.849ns (Levels of Logic = 20)
  Source:            imm<10> (PAD)
  Destination:       PC_27 (FF)
  Destination Clock: clk rising

  Data Path: imm<10> to PC_27
                                Gate     Net
    Cell:in->out      fanout   Delay   Delay  Logical Name (Net Name)
    ----------------------------------------  ------------
     IBUF:I->O             2   0.001   0.299  imm_10_IBUF (imm_10_IBUF)
     LUT1:I0->O            1   0.097   0.000  Msub_PC[31]_GND_1_o_sub_7_OUT_cy<12>_rt (Msub_PC[31]_GND_1_o_sub_7_OUT_cy<12>_rt)
     MUXCY:S->O            1   0.353   0.000  Msub_PC[31]_GND_1_o_sub_7_OUT_cy<12> (Msub_PC[31]_GND_1_o_sub_7_OUT_cy<12>)
     MUXCY:CI->O           1   0.023   0.000  Msub_PC[31]_GND_1_o_sub_7_OUT_cy<13> (Msub_PC[31]_GND_1_o_sub_7_OUT_cy<13>)
     MUXCY:CI->O           1   0.023   0.000  Msub_PC[31]_GND_1_o_sub_7_OUT_cy<14> (Msub_PC[31]_GND_1_o_sub_7_OUT_cy<14>)
     MUXCY:CI->O           1   0.023   0.000  Msub_PC[31]_GND_1_o_sub_7_OUT_cy<15> (Msub_PC[31]_GND_1_o_sub_7_OUT_cy<15>)
     MUXCY:CI->O           1   0.023   0.000  Msub_PC[31]_GND_1_o_sub_7_OUT_cy<16> (Msub_PC[31]_GND_1_o_sub_7_OUT_cy<16>)
     MUXCY:CI->O           1   0.023   0.000  Msub_PC[31]_GND_1_o_sub_7_OUT_cy<17> (Msub_PC[31]_GND_1_o_sub_7_OUT_cy<17>)
     MUXCY:CI->O           1   0.023   0.000  Msub_PC[31]_GND_1_o_sub_7_OUT_cy<18> (Msub_PC[31]_GND_1_o_sub_7_OUT_cy<18>)
     MUXCY:CI->O           1   0.023   0.000  Msub_PC[31]_GND_1_o_sub_7_OUT_cy<19> (Msub_PC[31]_GND_1_o_sub_7_OUT_cy<19>)
     MUXCY:CI->O           1   0.023   0.000  Msub_PC[31]_GND_1_o_sub_7_OUT_cy<20> (Msub_PC[31]_GND_1_o_sub_7_OUT_cy<20>)
     MUXCY:CI->O           1   0.023   0.000  Msub_PC[31]_GND_1_o_sub_7_OUT_cy<21> (Msub_PC[31]_GND_1_o_sub_7_OUT_cy<21>)
     MUXCY:CI->O           1   0.023   0.000  Msub_PC[31]_GND_1_o_sub_7_OUT_cy<22> (Msub_PC[31]_GND_1_o_sub_7_OUT_cy<22>)
     MUXCY:CI->O           1   0.023   0.000  Msub_PC[31]_GND_1_o_sub_7_OUT_cy<23> (Msub_PC[31]_GND_1_o_sub_7_OUT_cy<23>)
     MUXCY:CI->O           1   0.023   0.000  Msub_PC[31]_GND_1_o_sub_7_OUT_cy<24> (Msub_PC[31]_GND_1_o_sub_7_OUT_cy<24>)
     MUXCY:CI->O           1   0.023   0.000  Msub_PC[31]_GND_1_o_sub_7_OUT_cy<25> (Msub_PC[31]_GND_1_o_sub_7_OUT_cy<25>)
     MUXCY:CI->O           1   0.023   0.000  Msub_PC[31]_GND_1_o_sub_7_OUT_cy<26> (Msub_PC[31]_GND_1_o_sub_7_OUT_cy<26>)
     XORCY:CI->O           1   0.370   0.511  Msub_PC[31]_GND_1_o_sub_7_OUT_xor<27> (PC[31]_GND_1_o_sub_7_OUT<27>)
     LUT3:I0->O            1   0.097   0.693  Mmux_PCsel[1]_RA[31]_wide_mux_8_OUT20_SW0 (N31)
     LUT6:I0->O            1   0.097   0.000  Mmux_PCsel[1]_RA[31]_wide_mux_8_OUT20 (PCsel[1]_RA[31]_wide_mux_8_OUT<27>)
     FDCE:D                    0.008          PC_27
    ----------------------------------------
    Total                      2.849ns (1.345ns logic, 1.504ns route)
                                       (47.2% logic, 52.8% route)

=========================================================================
Timing constraint: Default OFFSET OUT AFTER for Clock 'clk'
  Total number of paths / destination ports: 3964 / 59
-------------------------------------------------------------------------
Offset:              3.593ns (Levels of Logic = 34)
  Source:            PC_2 (FF)
  Destination:       PCadd4<31> (PAD)
  Source Clock:      clk rising

  Data Path: PC_2 to PCadd4<31>
                                Gate     Net
    Cell:in->out      fanout   Delay   Delay  Logical Name (Net Name)
    ----------------------------------------  ------------
     FDCE:C->Q            21   0.361   0.370  PC_2 (PC_2)
     INV:I->O              1   0.113   0.000  Madd_n0028_lut<2>_INV_0 (Madd_n0028_lut<2>)
     MUXCY:S->O            1   0.353   0.000  Madd_n0028_cy<2> (Madd_n0028_cy<2>)
     MUXCY:CI->O           1   0.023   0.000  Madd_n0028_cy<3> (Madd_n0028_cy<3>)
     MUXCY:CI->O           1   0.023   0.000  Madd_n0028_cy<4> (Madd_n0028_cy<4>)
     MUXCY:CI->O           1   0.023   0.000  Madd_n0028_cy<5> (Madd_n0028_cy<5>)
     MUXCY:CI->O           1   0.023   0.000  Madd_n0028_cy<6> (Madd_n0028_cy<6>)
     MUXCY:CI->O           1   0.023   0.000  Madd_n0028_cy<7> (Madd_n0028_cy<7>)
     MUXCY:CI->O           1   0.023   0.000  Madd_n0028_cy<8> (Madd_n0028_cy<8>)
     MUXCY:CI->O           1   0.023   0.000  Madd_n0028_cy<9> (Madd_n0028_cy<9>)
     MUXCY:CI->O           1   0.023   0.000  Madd_n0028_cy<10> (Madd_n0028_cy<10>)
     MUXCY:CI->O           1   0.023   0.000  Madd_n0028_cy<11> (Madd_n0028_cy<11>)
     MUXCY:CI->O           1   0.023   0.000  Madd_n0028_cy<12> (Madd_n0028_cy<12>)
     MUXCY:CI->O           1   0.023   0.000  Madd_n0028_cy<13> (Madd_n0028_cy<13>)
     MUXCY:CI->O           1   0.023   0.000  Madd_n0028_cy<14> (Madd_n0028_cy<14>)
     MUXCY:CI->O           1   0.023   0.000  Madd_n0028_cy<15> (Madd_n0028_cy<15>)
     MUXCY:CI->O           1   0.023   0.000  Madd_n0028_cy<16> (Madd_n0028_cy<16>)
     MUXCY:CI->O           1   0.023   0.000  Madd_n0028_cy<17> (Madd_n0028_cy<17>)
     MUXCY:CI->O           1   0.023   0.000  Madd_n0028_cy<18> (Madd_n0028_cy<18>)
     MUXCY:CI->O           1   0.023   0.000  Madd_n0028_cy<19> (Madd_n0028_cy<19>)
     MUXCY:CI->O           1   0.023   0.000  Madd_n0028_cy<20> (Madd_n0028_cy<20>)
     MUXCY:CI->O           1   0.023   0.000  Madd_n0028_cy<21> (Madd_n0028_cy<21>)
     MUXCY:CI->O           1   0.023   0.000  Madd_n0028_cy<22> (Madd_n0028_cy<22>)
     MUXCY:CI->O           1   0.023   0.000  Madd_n0028_cy<23> (Madd_n0028_cy<23>)
     MUXCY:CI->O           1   0.023   0.000  Madd_n0028_cy<24> (Madd_n0028_cy<24>)
     MUXCY:CI->O           1   0.023   0.000  Madd_n0028_cy<25> (Madd_n0028_cy<25>)
     MUXCY:CI->O           1   0.023   0.000  Madd_n0028_cy<26> (Madd_n0028_cy<26>)
     MUXCY:CI->O           1   0.023   0.000  Madd_n0028_cy<27> (Madd_n0028_cy<27>)
     MUXCY:CI->O           1   0.023   0.000  Madd_n0028_cy<28> (Madd_n0028_cy<28>)
     MUXCY:CI->O           1   0.023   0.000  Madd_n0028_cy<29> (Madd_n0028_cy<29>)
     XORCY:CI->O           3   0.370   0.305  Madd_n0028_xor<30> (n0028<30>)
     LUT1:I0->O            1   0.097   0.000  Madd_PCadd4_cy<30>_rt (Madd_PCadd4_cy<30>_rt)
     MUXCY:S->O            0   0.353   0.000  Madd_PCadd4_cy<30> (Madd_PCadd4_cy<30>)
     XORCY:CI->O           1   0.370   0.279  Madd_PCadd4_xor<31> (PCadd4_31_OBUF)
     OBUF:I->O                 0.000          PCadd4_31_OBUF (PCadd4<31>)
    ----------------------------------------
    Total                      3.593ns (2.638ns logic, 0.955ns route)
                                       (73.4% logic, 26.6% route)

=========================================================================

Cross Clock Domains Report:
--------------------------

Clock to Setup on destination clock clk
---------------+---------+---------+---------+---------+
               | Src:Rise| Src:Fall| Src:Rise| Src:Fall|
Source Clock   |Dest:Rise|Dest:Rise|Dest:Fall|Dest:Fall|
---------------+---------+---------+---------+---------+
clk            |    3.714|         |         |         |
---------------+---------+---------+---------+---------+

=========================================================================


Total REAL time to Xst completion: 10.00 secs
Total CPU time to Xst completion: 10.26 secs
 
--> 

Total memory usage is 4627508 kilobytes

Number of errors   :    0 (   0 filtered)
Number of warnings :    2 (   0 filtered)
Number of infos    :    1 (   0 filtered)

